2025-12-06 23:28:19.724 IST [61263] LOG:  starting PostgreSQL 18.1 (Postgres.app) on aarch64-apple-darwin23.6.0, compiled by Apple clang version 15.0.0 (clang-1500.3.9.4), 64-bit
2025-12-06 23:28:19.726 IST [61263] LOG:  listening on IPv4 address "127.0.0.1", port 5433
2025-12-06 23:28:19.726 IST [61263] LOG:  listening on IPv6 address "::1", port 5433
2025-12-06 23:28:19.726 IST [61263] LOG:  listening on Unix socket "/tmp/.s.PGSQL.5433"
2025-12-06 23:28:19.729 IST [61269] LOG:  database system was shut down at 2025-12-06 23:28:19 IST
2025-12-06 23:28:19.730 IST [61263] LOG:  database system is ready to accept connections
2025-12-06 23:28:38.294 IST [61263] LOG:  received fast shutdown request
2025-12-06 23:28:38.294 IST [61263] LOG:  aborting any active transactions
2025-12-06 23:28:38.295 IST [61263] LOG:  background worker "logical replication launcher" (PID 61272) exited with exit code 1
2025-12-06 23:28:38.295 IST [61267] LOG:  shutting down
2025-12-06 23:28:38.296 IST [61267] LOG:  checkpoint starting: shutdown immediate
2025-12-06 23:28:38.331 IST [61267] LOG:  checkpoint complete: wrote 963 buffers (5.9%), wrote 3 SLRU buffers; 0 WAL file(s) added, 0 removed, 0 recycled; write=0.013 s, sync=0.022 s, total=0.036 s; sync files=310, longest=0.001 s, average=0.001 s; distance=4438 kB, estimate=4438 kB; lsn=0/1BDC820, redo lsn=0/1BDC820
2025-12-06 23:28:38.335 IST [61263] LOG:  database system is shut down
2025-12-06 23:30:21.926 IST [61333] LOG:  starting PostgreSQL 18.1 (Postgres.app) on aarch64-apple-darwin23.6.0, compiled by Apple clang version 15.0.0 (clang-1500.3.9.4), 64-bit
2025-12-06 23:30:21.928 IST [61333] LOG:  listening on IPv4 address "127.0.0.1", port 5433
2025-12-06 23:30:21.928 IST [61333] LOG:  listening on IPv6 address "::1", port 5433
2025-12-06 23:30:21.928 IST [61333] LOG:  listening on Unix socket "/tmp/.s.PGSQL.5433"
2025-12-06 23:30:21.932 IST [61339] LOG:  database system was shut down at 2025-12-06 23:28:38 IST
2025-12-06 23:30:21.935 IST [61333] LOG:  database system is ready to accept connections
2025-12-06 23:35:21.931 IST [61337] LOG:  checkpoint starting: time
2025-12-06 23:35:26.449 IST [61337] LOG:  checkpoint complete: wrote 44 buffers (0.3%), wrote 3 SLRU buffers; 1 WAL file(s) added, 0 removed, 0 recycled; write=4.473 s, sync=0.010 s, total=4.519 s; sync files=11, longest=0.002 s, average=0.001 s; distance=334 kB, estimate=334 kB; lsn=0/1C30340, redo lsn=0/1C302E8
2025-12-06 23:59:12.956 IST [61333] LOG:  received fast shutdown request
2025-12-06 23:59:12.959 IST [61333] LOG:  aborting any active transactions
2025-12-06 23:59:12.962 IST [61333] LOG:  background worker "logical replication launcher" (PID 61342) exited with exit code 1
2025-12-06 23:59:12.962 IST [61337] LOG:  shutting down
2025-12-06 23:59:12.966 IST [61337] LOG:  checkpoint starting: shutdown immediate
2025-12-06 23:59:12.973 IST [61337] LOG:  checkpoint complete: wrote 0 buffers (0.0%), wrote 0 SLRU buffers; 0 WAL file(s) added, 0 removed, 0 recycled; write=0.002 s, sync=0.001 s, total=0.011 s; sync files=0, longest=0.000 s, average=0.000 s; distance=0 kB, estimate=301 kB; lsn=0/1C303F0, redo lsn=0/1C303F0
2025-12-06 23:59:12.982 IST [61333] LOG:  database system is shut down
2025-12-06 23:59:41.345 IST [62053] LOG:  starting PostgreSQL 18.1 (Postgres.app) on aarch64-apple-darwin23.6.0, compiled by Apple clang version 15.0.0 (clang-1500.3.9.4), 64-bit
2025-12-06 23:59:41.347 IST [62053] LOG:  listening on IPv4 address "127.0.0.1", port 5432
2025-12-06 23:59:41.347 IST [62053] LOG:  listening on IPv6 address "::1", port 5432
2025-12-06 23:59:41.348 IST [62053] LOG:  listening on Unix socket "/tmp/.s.PGSQL.5432"
2025-12-06 23:59:41.352 IST [62059] LOG:  database system was shut down at 2025-12-06 23:59:12 IST
2025-12-06 23:59:41.355 IST [62053] LOG:  database system is ready to accept connections
2025-12-07 00:04:41.354 IST [62057] LOG:  checkpoint starting: time
2025-12-07 00:06:19.618 IST [62057] LOG:  checkpoint complete: wrote 967 buffers (5.9%), wrote 3 SLRU buffers; 0 WAL file(s) added, 0 removed, 1 recycled; write=98.234 s, sync=0.022 s, total=98.265 s; sync files=306, longest=0.001 s, average=0.001 s; distance=4442 kB, estimate=4442 kB; lsn=0/2086CF0, redo lsn=0/2086C60
2025-12-07 09:27:01.109 IST [62057] LOG:  checkpoint starting: time
2025-12-07 09:27:01.337 IST [62057] LOG:  checkpoint complete: wrote 1 buffers (0.0%), wrote 0 SLRU buffers; 0 WAL file(s) added, 0 removed, 0 recycled; write=0.102 s, sync=0.001 s, total=0.229 s; sync files=1, longest=0.001 s, average=0.001 s; distance=0 kB, estimate=3997 kB; lsn=0/2086F60, redo lsn=0/2086F08
2025-12-07 09:37:01.336 IST [62057] LOG:  checkpoint starting: time
2025-12-07 09:37:06.760 IST [62057] LOG:  checkpoint complete: wrote 53 buffers (0.3%), wrote 1 SLRU buffers; 0 WAL file(s) added, 0 removed, 0 recycled; write=5.405 s, sync=0.013 s, total=5.424 s; sync files=42, longest=0.002 s, average=0.001 s; distance=177 kB, estimate=3615 kB; lsn=0/20B3698, redo lsn=0/20B3640
2026-01-14 02:44:46.804 IST [62053] LOG:  received smart shutdown request
2026-01-14 02:44:46.808 IST [62053] LOG:  background worker "logical replication launcher" (PID 62062) exited with exit code 1
2026-01-14 02:44:46.809 IST [62057] LOG:  shutting down
2026-01-14 02:44:46.812 IST [62057] LOG:  checkpoint starting: shutdown immediate
2026-01-14 02:44:46.821 IST [62057] LOG:  checkpoint complete: wrote 0 buffers (0.0%), wrote 0 SLRU buffers; 0 WAL file(s) added, 0 removed, 0 recycled; write=0.005 s, sync=0.001 s, total=0.013 s; sync files=0, longest=0.000 s, average=0.000 s; distance=0 kB, estimate=3254 kB; lsn=0/20B3748, redo lsn=0/20B3748
2026-01-14 02:44:46.835 IST [62053] LOG:  database system is shut down
